// Jest Snapshot v1, https://goo.gl/fbAQLP

exports[`<Login /> App test against snapshot 1`] = `
<View
  style={
    Object {
      "alignItems": "center",
      "backgroundColor": "#e0ffee",
      "flex": 1,
      "justifyContent": "center",
    }
  }
>
  <View
    accessibilityRole="progressbar"
    accessible={true}
    onLayout={[Function]}
  >
    <View
      style={
        Object {
          "backgroundColor": "rgba(198, 40, 40, 0.38)",
          "borderRadius": 10,
          "height": 10,
          "opacity": 0,
          "overflow": "hidden",
          "width": 300,
        }
      }
    >
      <View
        style={
          Object {
            "backgroundColor": "#c62828",
            "flex": 1,
            "transform": Array [
              Object {
                "translateX": -0,
              },
              Object {
                "scaleX": 0.0001,
              },
            ],
            "width": 0,
          }
        }
      />
    </View>
  </View>
  <Text
    style={
      Object {
        "color": "#2080aa",
        "fontSize": 53.5,
        "fontWeight": "bold",
        "padding": 10,
      }
    }
  >
    CLIENT ID
  </Text>
  <View
    style={
      Object {
        "borderColor": "#2080aa",
        "borderRadius": 40,
        "borderWidth": 2,
        "marginBottom": 0,
        "padding": 10,
        "width": 300,
      }
    }
  >
    <View>
      <View
        pointerEvents="none"
        style={
          Array [
            Object {
              "bottom": 0,
              "left": 0,
              "position": "absolute",
              "right": 0,
              "top": 6,
            },
            Object {
              "backgroundColor": "#ccfeff",
              "borderColor": "rgba(0, 0, 0, 0.54)",
              "borderRadius": 4,
              "borderWidth": 1,
            },
          ]
        }
      />
      <View
        style={
          Object {
            "minHeight": 64,
            "paddingBottom": 0,
            "paddingTop": 8,
          }
        }
      >
        <View
          pointerEvents="none"
          style={
            Object {
              "bottom": 0,
              "left": 0,
              "opacity": 1,
              "position": "absolute",
              "right": 0,
              "top": 0,
              "transform": Array [
                Object {
                  "translateX": 0,
                },
              ],
            }
          }
        >
          <View
            pointerEvents="none"
            style={
              Object {
                "backgroundColor": "#ccfeff",
                "bottom": 0,
                "height": 2,
                "left": 10,
                "opacity": 0,
                "position": "absolute",
                "right": 0,
                "top": 6,
                "transform": Array [
                  Object {
                    "translateX": 0,
                  },
                ],
                "width": 8,
              }
            }
          />
          <Text
            numberOfLines={1}
            style={
              Object {
                "backgroundColor": "#ccfeff",
                "color": "transparent",
                "fontFamily": "System",
                "fontSize": 40,
                "fontWeight": "bold",
                "left": 18,
                "opacity": 0,
                "paddingHorizontal": 0,
                "position": "absolute",
                "textAlign": "left",
                "top": 37,
                "transform": Array [
                  Object {
                    "translateX": 0,
                  },
                  Object {
                    "translateY": 0,
                  },
                  Object {
                    "scale": 1,
                  },
                  Object {
                    "scaleY": 1,
                  },
                ],
                "writingDirection": "ltr",
              }
            }
          >
            CLIENT ID
          </Text>
          <Text
            numberOfLines={1}
            onLayout={[Function]}
            style={
              Object {
                "color": "#6200ee",
                "fontFamily": "System",
                "fontSize": 40,
                "fontWeight": "bold",
                "left": 0,
                "opacity": 0,
                "paddingHorizontal": 14,
                "position": "absolute",
                "textAlign": "left",
                "top": 36,
                "transform": Array [
                  Object {
                    "translateX": 0,
                  },
                  Object {
                    "translateY": 0,
                  },
                  Object {
                    "scale": 1,
                  },
                ],
                "writingDirection": "ltr",
              }
            }
          >
            CLIENT ID
          </Text>
          <Text
            numberOfLines={1}
            style={
              Object {
                "color": "rgba(0, 0, 0, 0.54)",
                "fontFamily": "System",
                "fontSize": 40,
                "fontWeight": "bold",
                "left": 0,
                "opacity": 0,
                "paddingHorizontal": 14,
                "position": "absolute",
                "textAlign": "left",
                "top": 36,
                "transform": Array [
                  Object {
                    "translateX": 0,
                  },
                  Object {
                    "translateY": 0,
                  },
                  Object {
                    "scale": 1,
                  },
                ],
                "writingDirection": "ltr",
              }
            }
          >
            CLIENT ID
          </Text>
        </View>
        <TextInput
          allowFontScaling={true}
          editable={true}
          multiline={false}
          onBlur={[Function]}
          onChangeText={[Function]}
          onFocus={[Function]}
          placeholder=""
          placeholderTextColor="rgba(0, 0, 0, 0.54)"
          rejectResponderTermination={true}
          selectionColor="#6200ee"
          style={
            Array [
              Object {
                "flexGrow": 1,
                "margin": 0,
                "paddingHorizontal": 14,
                "textAlign": "left",
                "zIndex": 1,
              },
              Object {
                "height": 56,
              },
              Object {
                "paddingBottom": 0,
                "paddingTop": 0,
              },
              Object {
                "color": "#000000",
                "fontFamily": "System",
                "fontSize": 40,
                "fontWeight": "bold",
                "textAlignVertical": "center",
              },
              Array [
                Object {},
              ],
            ]
          }
          underlineColorAndroid="transparent"
          value=""
        />
      </View>
    </View>
  </View>
  <Text
    numberOfLines={1}
    style={
      Object {
        "alignSelf": "center",
        "backgroundColor": "#f50057",
        "borderRadius": 10,
        "color": "#ffffff",
        "fontFamily": "System",
        "fontSize": 40,
        "fontWeight": "400",
        "height": 53.5,
        "lineHeight": 20,
        "marginLeft": 220,
        "minWidth": 20,
        "opacity": 1,
        "overflow": "hidden",
        "paddingHorizontal": 4,
        "paddingTop": 13.5,
        "textAlign": "center",
        "textAlignVertical": "center",
        "width": 53.5,
      }
    }
  >
    0
  </Text>
  <Text
    style={
      Object {
        "color": "#2080aa",
        "fontSize": 53.5,
        "fontWeight": "bold",
        "padding": 10,
      }
    }
  >
    PASSWORD
  </Text>
  <View
    style={
      Object {
        "borderColor": "#2080aa",
        "borderRadius": 40,
        "borderWidth": 2,
        "marginBottom": 0,
        "padding": 10,
        "width": 300,
      }
    }
  >
    <View>
      <View
        pointerEvents="none"
        style={
          Array [
            Object {
              "bottom": 0,
              "left": 0,
              "position": "absolute",
              "right": 0,
              "top": 6,
            },
            Object {
              "backgroundColor": "#ccfeff",
              "borderColor": "rgba(0, 0, 0, 0.54)",
              "borderRadius": 4,
              "borderWidth": 1,
            },
          ]
        }
      />
      <View
        style={
          Object {
            "minHeight": 64,
            "paddingBottom": 0,
            "paddingTop": 8,
          }
        }
      >
        <View
          pointerEvents="none"
          style={
            Object {
              "bottom": 0,
              "left": 0,
              "opacity": 1,
              "position": "absolute",
              "right": 0,
              "top": 0,
              "transform": Array [
                Object {
                  "translateX": 0,
                },
              ],
            }
          }
        >
          <View
            pointerEvents="none"
            style={
              Object {
                "backgroundColor": "#ccfeff",
                "bottom": 0,
                "height": 2,
                "left": 10,
                "opacity": 0,
                "position": "absolute",
                "right": 0,
                "top": 6,
                "transform": Array [
                  Object {
                    "translateX": 0,
                  },
                ],
                "width": 8,
              }
            }
          />
          <Text
            numberOfLines={1}
            style={
              Object {
                "backgroundColor": "#ccfeff",
                "color": "transparent",
                "fontFamily": "System",
                "fontSize": 40,
                "fontWeight": "bold",
                "left": 18,
                "opacity": 0,
                "paddingHorizontal": 0,
                "position": "absolute",
                "textAlign": "left",
                "top": 37,
                "transform": Array [
                  Object {
                    "translateX": 0,
                  },
                  Object {
                    "translateY": 0,
                  },
                  Object {
                    "scale": 1,
                  },
                  Object {
                    "scaleY": 1,
                  },
                ],
                "writingDirection": "ltr",
              }
            }
          >
            PASSWORD
          </Text>
          <Text
            numberOfLines={1}
            onLayout={[Function]}
            style={
              Object {
                "color": "#6200ee",
                "fontFamily": "System",
                "fontSize": 40,
                "fontWeight": "bold",
                "left": 0,
                "opacity": 0,
                "paddingHorizontal": 14,
                "position": "absolute",
                "textAlign": "left",
                "top": 36,
                "transform": Array [
                  Object {
                    "translateX": 0,
                  },
                  Object {
                    "translateY": 0,
                  },
                  Object {
                    "scale": 1,
                  },
                ],
                "writingDirection": "ltr",
              }
            }
          >
            PASSWORD
          </Text>
          <Text
            numberOfLines={1}
            style={
              Object {
                "color": "rgba(0, 0, 0, 0.54)",
                "fontFamily": "System",
                "fontSize": 40,
                "fontWeight": "bold",
                "left": 0,
                "opacity": 0,
                "paddingHorizontal": 14,
                "position": "absolute",
                "textAlign": "left",
                "top": 36,
                "transform": Array [
                  Object {
                    "translateX": 0,
                  },
                  Object {
                    "translateY": 0,
                  },
                  Object {
                    "scale": 1,
                  },
                ],
                "writingDirection": "ltr",
              }
            }
          >
            PASSWORD
          </Text>
        </View>
        <TextInput
          allowFontScaling={true}
          editable={true}
          multiline={false}
          onBlur={[Function]}
          onChangeText={[Function]}
          onFocus={[Function]}
          placeholder=""
          placeholderTextColor="rgba(0, 0, 0, 0.54)"
          rejectResponderTermination={true}
          selectionColor="#6200ee"
          style={
            Array [
              Object {
                "flexGrow": 1,
                "margin": 0,
                "paddingHorizontal": 14,
                "textAlign": "left",
                "zIndex": 1,
              },
              Object {
                "height": 56,
              },
              Object {
                "paddingBottom": 0,
                "paddingTop": 0,
              },
              Object {
                "color": "#000000",
                "fontFamily": "System",
                "fontSize": 40,
                "fontWeight": "bold",
                "textAlignVertical": "center",
              },
              Array [
                Object {},
              ],
            ]
          }
          underlineColorAndroid="transparent"
          value=""
        />
      </View>
    </View>
  </View>
  <Text
    numberOfLines={1}
    style={
      Object {
        "alignSelf": "center",
        "backgroundColor": "#f50057",
        "borderRadius": 10,
        "color": "#ffffff",
        "fontFamily": "System",
        "fontSize": 40,
        "fontWeight": "400",
        "height": 53.5,
        "lineHeight": 20,
        "marginLeft": 220,
        "minWidth": 20,
        "opacity": 1,
        "overflow": "hidden",
        "paddingHorizontal": 4,
        "paddingTop": 13.5,
        "textAlign": "center",
        "textAlignVertical": "center",
        "width": 53.5,
      }
    }
  >
    0
  </Text>
  <Text />
  <View
    accessibilityRole="progressbar"
    accessible={true}
    style={
      Array [
        Object {
          "alignItems": "center",
          "justifyContent": "center",
        },
        undefined,
      ]
    }
  >
    <View
      collapsable={false}
      style={
        Object {
          "height": 48,
          "opacity": 1,
          "width": 48,
        }
      }
    >
      <View
        style={
          Object {
            "alignItems": "center",
            "bottom": 0,
            "justifyContent": "center",
            "left": 0,
            "position": "absolute",
            "right": 0,
            "top": 0,
          }
        }
      >
        <View
          style={
            Object {
              "height": 48,
              "transform": Array [
                Object {
                  "rotate": "45deg",
                },
              ],
              "width": 48,
            }
          }
        >
          <View
            collapsable={false}
            style={
              Object {
                "height": 24,
                "overflow": "hidden",
                "width": 48,
              }
            }
          >
            <View
              style={
                Object {
                  "height": 48,
                  "transform": Array [
                    Object {
                      "translateY": 0,
                    },
                    Object {
                      "rotate": "-165deg",
                    },
                  ],
                  "width": 48,
                }
              }
            >
              <View
                collapsable={false}
                style={
                  Object {
                    "height": 24,
                    "overflow": "hidden",
                    "width": 48,
                  }
                }
              >
                <View
                  style={
                    Object {
                      "borderColor": "#f1c40f",
                      "borderRadius": 24,
                      "borderWidth": 4.8,
                      "height": 48,
                      "width": 48,
                    }
                  }
                />
              </View>
            </View>
          </View>
        </View>
      </View>
      <View
        style={
          Object {
            "alignItems": "center",
            "bottom": 0,
            "justifyContent": "center",
            "left": 0,
            "position": "absolute",
            "right": 0,
            "top": 0,
          }
        }
      >
        <View
          style={
            Object {
              "height": 48,
              "transform": Array [
                Object {
                  "rotate": "45deg",
                },
              ],
              "width": 48,
            }
          }
        >
          <View
            collapsable={false}
            style={
              Object {
                "height": 24,
                "overflow": "hidden",
                "top": 24,
                "width": 48,
              }
            }
          >
            <View
              style={
                Object {
                  "height": 48,
                  "transform": Array [
                    Object {
                      "translateY": -24,
                    },
                    Object {
                      "rotate": "345deg",
                    },
                  ],
                  "width": 48,
                }
              }
            >
              <View
                collapsable={false}
                style={
                  Object {
                    "height": 24,
                    "overflow": "hidden",
                    "width": 48,
                  }
                }
              >
                <View
                  style={
                    Object {
                      "borderColor": "#f1c40f",
                      "borderRadius": 24,
                      "borderWidth": 4.8,
                      "height": 48,
                      "width": 48,
                    }
                  }
                />
              </View>
            </View>
          </View>
        </View>
      </View>
    </View>
  </View>
</View>
`;
